// Jest Snapshot v1, https://goo.gl/fbAQLP

exports[`should render ExpenseList with empty expenses props 1`] = `
<div>
  <p>
    No Expenses
  </p>
</div>
`;

exports[`should render ExpenseList with expenses 1`] = `
<div>
  <ExpenseListItem
    expense={
      Object {
        "amount": 100,
        "createdAt": 345600000,
        "description": "Food",
        "id": "1",
      }
    }
    key="1"
  />
  <ExpenseListItem
    expense={
      Object {
        "amount": 200,
        "createdAt": 0,
        "description": "Rent",
        "id": "2",
      }
    }
    key="2"
  />
  <ExpenseListItem
    expense={
      Object {
        "amount": 300,
        "createdAt": -345600000,
        "description": "Credit Card",
        "id": "3",
      }
    }
    key="3"
  />
</div>
`;
