// Jest Snapshot v1, https://goo.gl/fbAQLP

exports[`should render ExpenseListItem with an expense 1`] = `
<div>
  <Link
    replace={false}
    to="/edit/1"
  >
    <h3>
      Description: 
      Food
    </h3>
  </Link>
  <p>
    Amount: 
    100
  </p>
  <p>
    Note: 
  </p>
  <p>
    Dated: 
    345600000
  </p>
</div>
`;
